// Vitest Snapshot v1, https://vitest.dev/guide/snapshot.html

exports[`API surface — 1.2.0 → current is additive > snapshots the current surface so additions are reviewed 1`] = `
{
  "client": [
    "BlobProvider",
    "PDFDownloadLink",
    "PDFViewer",
    "usePdf",
    "usePdfStream",
  ],
  "types": [
    "// Engine ≥ 1.8.0: typography",
    "AiGovernancePolicy",
    "Align",
    "BarcodeFormat",
    "BarcodeProps",
    "BarcodeSpec",
    "BarcodeSpecOpts",
    "Base14Metrics",
    "BlobProviderProps",
    "BlockSpec",
    "BlockSpecKind",
    "CMYK",
    "CapabilityManifest",
    "CellBorders",
    "CellProps",
    "ChartBlock",
    "ChartProps",
    "ChartPropsCoversChartBlock",
    "ChartSeries",
    "ChartSpec",
    "ChartSpecBody",
    "ChartType",
    "CheckStatus",
    "Color",
    "ColourBarOptions",
    "ColumnDef",
    "CompiledDocument",
    "CustomOutputIntent",
    "DocSpec",
    "DoctorCheck",
    "DoctorReport",
    "DocumentBlock",
    "DocumentMetadata",
    "DocumentParams",
    "DocumentProps",
    "EncryptionOptions",
    "ErrorCodeValue",
    "ErrorEnvelope",
    "FontData",
    "FontEntry",
    "FontLoader",
    "FontValidationResult",
    "FontsMap",
    "FormFieldProps",
    "FormFieldSpec",
    "FormFieldSpecBody",
    "FormFieldType",
    "GovernanceValidation",
    "HeadingProps",
    "HeadingSpec",
    "HeadingSpecOpts",
    "HyphenationProvider",
    "ImageProps",
    "ImageSpec",
    "ImageSpecBody",
    "InspectedBlock",
    "InspectedPage",
    "ItemProps",
    "JsonSchema",
    "LayoutDebugOptions",
    "LayoutInspection",
    "LinkProps",
    "LinkSpec",
    "LinkSpecOpts",
    "LintFinding",
    "LintOptions",
    "LintReport",
    "LintRuleCode",
    "LintSeverity",
    "ListItem",
    "ListProps",
    "ListSpec",
    "ListSpecOpts",
    "ManifestBlock",
    "ManifestComponent",
    "ManifestEntrypoint",
    "ManifestLintRule",
    "OutlineItem",
    "PDF/X-4
    TypographyOptions",
    "PDFDownloadLinkProps",
    "PDFViewerProps",
    "PageBox",
    "PageBreakSpec",
    "PageLabelRange",
    "PageLabelStyle",
    "PageProps",
    "PageSpec",
    "PageTemplate",
    "ParagraphAlign",
    "ParagraphProps",
    "ParagraphSpec",
    "ParagraphSpecOpts",
    "PdfAttachment",
    "PdfAttachmentRelationship",
    "PdfCmykString",
    "PdfCmykTuple",
    "PdfColor",
    "PdfColors",
    "PdfDiagnostic",
    "PdfDiagnosticCode",
    "PdfDiagnosticHandler",
    "PdfLayoutOptions",
    "PdfRenderState",
    "PdfResponseOptions",
    "PdfRow",
    "PdfXConformanceTarget",
    "PrintOptions",
    "PrinterMarksOptions",
    "PunctuationSpacingPreset",
    "PunctuationSpacingRule",
    "QRErrorLevel",
    "RenderOptions",
    "RowProps",
    "SchemaSubject",
    "SectionProps",
    "SpacerProps",
    "SpacerSpec",
    "SpecCodeValue",
    "SpecFinding",
    "SpecFindingSeverity",
    "SpecValidation",
    "StreamToFileResult",
    "SvgProps",
    "SvgRenderOptions",
    "SvgSpec",
    "SvgSpecOpts",
    "TableOfContentsProps",
    "TableProps",
    "TableRowSpec",
    "TableSpec",
    "TableSpecBody",
    "TocSpec",
    "TocSpecOpts",
    "TypographyPropsCoverTypographyOptions",
    "UnitBindingOptions",
    "UsePdfResult",
    "UsePdfStreamResult",
    "ViewerPreferences",
    "WatermarkImage",
    "WatermarkOptions",
    "WatermarkText",
    "colour bars",
  ],
  "values": [
    "Barcode",
    "BlobProvider",
    "Cell",
    "Chart",
    "Document",
    "ENGINE_INPUT_ERROR_PREFIXES",
    "ErrorCode",
    "FormField",
    "Heading",
    "Image",
    "Item",
    "LINT_RULES",
    "LINT_RULE_CODES",
    "Link",
    "List",
    "PDFDownloadLink",
    "PDFViewer",
    "Page",
    "PageBreak",
    "Paragraph",
    "PdfReactError",
    "PdfStructureError",
    "Row",
    "SCHEMA_SUBJECTS",
    "Section",
    "Spacer",
    "SpecCode",
    "Svg",
    "Table",
    "TableOfContents",
    "Text",
    "Toc",
    "agentRulesText",
    "aiGovernancePolicy",
    "capabilityManifest",
    "compileDocument",
    "compileSpec",
    "docSpecSchema",
    "docSpecSchemaId",
    "doctor",
    "downloadBlob",
    "fromBase64",
    "fromUrl",
    "getDefaultCreationDate",
    "getHyphenationProvider",
    "initNodeCompression",
    "inspectDocument",
    "inspectSpec",
    "lintDocument",
    "lintSpec",
    "loadFontData",
    "registerFont",
    "registerFonts",
    "renderSpecToBlob",
    "renderSpecToBytes",
    "renderSpecToFile",
    "renderSpecToFileStream",
    "renderSpecToResponse",
    "renderSpecToStream",
    "renderToBlob",
    "renderToBytes",
    "renderToFile",
    "renderToFileStream",
    "renderToResponse",
    "renderToStream",
    "resolveFonts",
    "schema",
    "schemaId",
    "setDefaultCreationDate",
    "setDeflateImpl",
    "setDeflateRawImpl",
    "setHyphenationProvider",
    "specToElement",
    "toErrorEnvelope",
    "usePdf",
    "usePdfStream",
    "validateFontData",
    "validateIssueDraft",
    "validateSpec",
    "version",
    "wrapZlib",
  ],
}
`;
